LAMMPS (19 Jul 2019)
Lattice spacing in x,y,z = 4 4 4
Created orthogonal box = (0 0 0) to (4 4 4)
  1 by 1 by 1 MPI processor grid
Lattice spacing in x,y,z = 4 4 4
Created 4 atoms
  create_atoms CPU = 0.000354205 secs
Replicating atoms ...
  orthogonal box = (0 0 0) to (4 4 4)
  1 by 1 by 1 MPI processor grid
  4 atoms
  replicate CPU = 0.000107602 secs
Neighbor list info ...
  update every 1 steps, delay 10 steps, check yes
  max neighbors/atom: 2000, page size: 100000
  master list distance cutoff = 8.1287
  ghost atom cutoff = 8.1287
  binsize = 4.06435, bins = 1 1 1
  1 neighbor lists, perpetual/occasional/extra = 1 0 0
  (1) pair eam/alloy, perpetual
      attributes: half, newton on
      pair build: half/bin/atomonly/newton
      stencil: half/bin/3d/newton
      bin: standard
Setting up Verlet run ...
  Unit style    : metal
  Current step  : 0
  Time step     : 0.001
Per MPI rank memory allocation (min/avg/max) = 6.118 | 6.118 | 6.118 Mbytes
Step PotEng KinEng Press Pxx Pyy Pzz TotEng c_pressure_all_aiida c_pressure_all_aiida[1] c_pressure_all_aiida[2] c_pressure_all_aiida[3] c_pressure_all_aiida[4] c_pressure_all_aiida[5] c_pressure_all_aiida[6] 
       0   -14.937727   0.11633413   -348144.04   -346630.93   -349844.49   -347956.71   -14.821393   -348144.04   -346630.93   -349844.49   -347956.71     192.9168    679.15105    69.435634 
     100   -14.824506 0.0031165394   -301910.13   -295825.62    -315890.6   -294014.18    -14.82139   -301910.13   -295825.62    -315890.6   -294014.18   -1450.2821    6542.5885   -224.24679 
     200   -14.931371   0.10997823   -344905.91   -342796.05   -347251.19    -344670.5   -14.821392   -344905.91   -342796.05   -347251.19    -344670.5    10.045611    918.19449    274.43892 
     300   -14.841789  0.020397079   -306789.44   -301131.45   -318430.85   -300806.03   -14.821392   -306789.44   -301131.45   -318430.85   -300806.03   -1998.5636    6562.5954   -801.48069 
     400   -14.917395   0.09600158   -338609.99      -335282   -342333.56   -338214.42   -14.821393   -338609.99      -335282   -342333.56   -338214.42   -289.89281    2137.9471    305.90069 
     500   -14.857641  0.036248686   -312090.83   -306380.13   -321329.89   -308562.45   -14.821392   -312090.83   -306380.13   -321329.89   -308562.45   -2983.6837    6694.5047   -1797.4701 
     600   -14.902251  0.080859233   -332897.46   -328369.51   -338083.92   -332238.96   -14.821392   -332897.46   -328369.51   -338083.92   -332238.96   -416.24685    4514.8853   -296.22987 
     700   -14.866782  0.045392099    -316092.2   -309841.15   -323550.26   -314885.18   -14.821389    -316092.2   -309841.15   -323550.26   -314885.18   -4211.2149    6237.1822   -2851.6652 
     800   -14.891306  0.069915838   -329365.33   -324075.42   -335700.16   -328320.39    -14.82139   -329365.33   -324075.42   -335700.16   -328320.39   -386.10394    7410.4985   -1250.1025 
     900   -14.871216  0.049826706   -317827.73   -311504.37   -323700.37   -318278.44    -14.82139   -317827.73   -311504.37   -323700.37   -318278.44   -5397.2738    4241.1775   -3125.8591 
    1000   -14.889212  0.067822319   -328679.07   -323511.05   -335413.24    -327112.9    -14.82139   -328679.07   -323511.05   -335413.24    -327112.9   -306.24365    9843.8501   -1651.4131 
    1100   -14.875171  0.053781827    -318046.6   -312784.19   -322204.88   -319150.75    -14.82139    -318046.6   -312784.19   -322204.88   -319150.75   -5931.9735    799.00652   -2606.6999 
    1200   -14.888268  0.066878348   -327647.28   -323248.49   -334176.41   -325516.95   -14.821389   -327647.28   -323248.49   -334176.41   -325516.95   -421.29198    11357.336   -546.66684 
    1300   -14.882706  0.061317368   -319892.81   -316314.77   -322629.86    -320733.8   -14.821389   -319892.81   -316314.77   -322629.86    -320733.8    -5131.204   -3149.9285   -1993.0795 
    1400   -14.879122  0.057733615   -323710.03   -319874.49   -329919.41   -321336.19   -14.821388   -323710.03   -319874.49   -329919.41   -321336.19   -1061.0082    11745.687    1646.3139 
    1500   -14.893301  0.071914178   -324456.34   -322166.57   -326795.09   -324407.35   -14.821387   -324456.34   -322166.57   -326795.09   -324407.35    -3251.189   -6175.5361    -1051.269 
    1600   -14.866641  0.045253395   -318779.05    -314990.6   -324490.22   -316856.34   -14.821388   -318779.05    -314990.6   -324490.22   -316856.34   -2192.4951    9892.1678    3352.5529 
    1700   -14.906881   0.08549196   -331430.95   -329435.98    -334172.6   -330684.27   -14.821389   -331430.95   -329435.98    -334172.6   -330684.27   -1589.6871   -6680.2007    360.38672 
    1800   -14.854738   0.03335208   -313831.14   -309361.58   -319573.45   -312558.38   -14.821386   -313831.14   -309361.58   -319573.45   -312558.38   -3324.6586    5786.2654     3689.214 
    1900   -14.922214   0.10082788   -339759.97   -337448.77   -342604.92   -339226.21   -14.821386   -339759.97   -337448.77   -342604.92   -339226.21   -545.47726   -4144.3905    1260.8574 
    2000   -14.839685  0.018300016   -308433.66   -302423.56   -315947.77   -306929.65   -14.821385   -308433.66   -302423.56   -315947.77   -306929.65   -4212.0595    425.36951    3315.6271 
    2100   -14.931606   0.11022155   -345083.81    -342623.5   -347073.54   -345554.37   -14.821384   -345083.81    -342623.5   -347073.54   -345554.37     772.5416   -739.18471    873.00112 
    2200   -14.828661 0.0072815888   -305870.95   -298396.52    -315730.3   -303486.03   -14.821379   -305870.95   -298396.52    -315730.3   -303486.03   -4753.3531   -4024.2894    2974.4532 
    2300   -14.928107   0.10672493   -341549.59   -339694.39   -342367.35   -342587.04   -14.821382   -341549.59   -339694.39   -342367.35   -342587.04    2097.1623   -367.68824    212.25365 
    2400    -14.84527  0.023891564   -311517.65   -304589.73   -320881.34    -309081.9   -14.821379   -311517.65   -304589.73   -320881.34    -309081.9   -4422.5783   -2367.8238    3084.3009 
    2500   -14.910889  0.089509727   -330397.94   -329830.49   -330872.43    -330490.9   -14.821379   -330397.94   -329830.49   -330872.43    -330490.9    1976.9041    -3305.036    103.62959 
    2600   -14.870425   0.04904664   -319675.97   -314665.36   -327237.98   -317124.57   -14.821378   -319675.97   -314665.36   -327237.98   -317124.57   -3376.4939     4818.025    3233.1751 
    2700   -14.892733  0.071356132   -321842.92   -321770.01   -323171.93   -320586.81   -14.821377   -321842.92   -321770.01   -323171.93   -320586.81    1001.1236   -6646.4975     1.007593 
    2800   -14.876125  0.054750372   -321678.52   -317942.73   -329040.46   -318052.37   -14.821375   -321678.52   -317942.73   -329040.46   -318052.37   -2288.8138    11872.089    2316.8763 
    2900    -14.88881    0.0674378   -321819.01   -320750.32   -324774.51    -319932.2   -14.821372   -321819.01   -320750.32   -324774.51    -319932.2    292.78231   -8334.9781   -81.694691 
    3000   -14.870948  0.049577013   -319411.15   -316007.57   -327228.29   -314997.59   -14.821371   -319411.15   -316007.57   -327228.29   -314997.59    -1229.913    15945.223     438.8005 
    3100   -14.891591  0.070222877   -325510.71   -322463.84   -330315.88    -323752.4   -14.821368   -325510.71   -322463.84   -330315.88    -323752.4    180.18228    -7733.075    -329.8487 
    3200   -14.870713  0.049345068   -318693.43   -315086.34   -326051.53   -314942.41   -14.821368   -318693.43   -315086.34   -326051.53   -314942.41   -243.42474    15812.174   -1335.8682 
    3300   -14.890762  0.069398144    -327552.7   -322398.55   -334101.51   -326158.04   -14.821364    -327552.7   -322398.55   -334101.51   -326158.04    689.53586   -4883.2643    -953.6654 
    3400   -14.878459  0.057096056   -320921.52   -316997.41   -326735.18   -319031.96   -14.821363   -320921.52   -316997.41   -326735.18   -319031.96    486.77798    12382.701   -2020.5803 
    3500   -14.884669  0.063309716   -326741.11   -320019.65   -334914.85   -325288.83   -14.821359   -326741.11   -320019.65   -334914.85   -325288.83    1810.8765   -388.60623   -1379.5291 
    3600   -14.890238  0.068880089   -325201.72    -320891.4   -329287.12   -325426.65   -14.821358   -325201.72    -320891.4   -329287.12   -325426.65    1218.6035    8150.9347   -1521.5578 
    3700   -14.872297  0.050942615   -322686.89   -315167.72   -332428.94   -320464.02   -14.821354   -322686.89   -315167.72   -332428.94   -320464.02    2970.4016    4502.2084   -774.79755 
    3800   -14.903534  0.082180756   -330948.24   -326324.02   -333688.15   -332832.55   -14.821354   -330948.24   -326324.02   -333688.15   -332832.55    2151.3105    4738.1668   -623.77982 
    3900   -14.856534  0.035185769   -316981.43    -309229.8   -328041.83   -313672.65   -14.821348   -316981.43    -309229.8   -328041.83   -313672.65    3374.1756    8347.7937    502.98655 
    4000   -14.915018  0.093669948   -336392.79    -331999.4   -338149.78    -339029.2   -14.821348   -336392.79    -331999.4   -338149.78    -339029.2    2911.7418    2446.4718    20.520541 
    4100   -14.844438  0.023092785   -312274.63   -304668.38   -324005.42   -308150.09   -14.821346   -312274.63   -304668.38   -324005.42   -308150.09    3049.3005    9991.9389    1523.5292 
    4200   -14.923652   0.10230621    -340363.8   -336845.29   -341545.74   -342700.36   -14.821345    -340363.8   -336845.29   -341545.74   -342700.36     3044.814    1214.2653    215.61247 
    4300   -14.836689  0.015346749   -309131.38    -301712.9   -321273.13   -304408.11   -14.821342   -309131.38    -301712.9   -321273.13   -304408.11    2601.1079    9607.5245    1868.0447 
    4400   -14.930026   0.10868505   -343333.53   -340873.74   -344401.71   -344725.14   -14.821341   -343333.53   -340873.74   -344401.71   -344725.14    2380.1139    1035.8969    164.82692 
    4500   -14.830332 0.0089950349   -306873.36   -299291.94   -319601.94   -301726.19   -14.821337   -306873.36   -299291.94   -319601.94   -301726.19     2595.212    8231.5984    1718.4791 
    4600   -14.932607   0.11127099   -345069.01   -342932.12   -346638.19   -345636.71   -14.821336   -345069.01   -342932.12   -346638.19   -345636.71    1307.2665    1731.4517    49.028885 
    4700   -14.831675  0.010343063   -306709.78    -298816.9   -319191.38   -302121.07   -14.821332   -306709.78    -298816.9   -319191.38   -302121.07    3216.8999    6234.0525    1461.3656 
    4800   -14.927331   0.10600082   -343455.87   -340279.82   -346325.84   -343761.93    -14.82133   -343455.87   -340279.82   -346325.84   -343761.93    663.43908    2793.0202   -38.321765 
    4900   -14.845296  0.023970202   -310201.89   -302203.58    -320848.4    -307553.7   -14.821326   -310201.89   -302203.58    -320848.4    -307553.7    4331.1503    4316.7374    1316.0318 
    5000   -14.913853  0.092529786   -338203.97    -333274.9   -342862.34   -338474.68   -14.821323   -338203.97    -333274.9   -342862.34   -338474.68    517.29773    4380.5924   -2.3096592 
Loop time of 0.0719476 on 1 procs for 5000 steps with 4 atoms

Performance: 6004.368 ns/day, 0.004 hours/ns, 69494.999 timesteps/s
100.0% CPU use with 1 MPI tasks x no OpenMP threads

MPI task timing breakdown:
Section |  min time  |  avg time  |  max time  |%varavg| %total
---------------------------------------------------------------
Pair    | 0.046972   | 0.046972   | 0.046972   |   0.0 | 65.29
Neigh   | 0          | 0          | 0          |   0.0 |  0.00
Comm    | 0.01728    | 0.01728    | 0.01728    |   0.0 | 24.02
Output  | 0.0010709  | 0.0010709  | 0.0010709  |   0.0 |  1.49
Modify  | 0.0030902  | 0.0030902  | 0.0030902  |   0.0 |  4.30
Other   |            | 0.003534   |            |       |  4.91

Nlocal:    4 ave 4 max 4 min
Histogram: 1 0 0 0 0 0 0 0 0 0
Nghost:    662 ave 662 max 662 min
Histogram: 1 0 0 0 0 0 0 0 0 0
Neighs:    280 ave 280 max 280 min
Histogram: 1 0 0 0 0 0 0 0 0 0

Total # of neighbors = 280
Ave neighs/atom = 70
Neighbor list builds = 0
Dangerous builds = 0
#Final results
final_step: 5000
final_pe: -14.9138529099364
final_ke: 0.0925297862044118
final_press: -338203.969021887
final_pxx: -333274.895112348
final_pyy: -342862.335193632
final_pzz: -338474.67675968
final_etotal: -14.8213231237319
final_c_pressure_all_aiida: -338203.969021887
final_c_pressure_all_aiida_1: -333274.895112348
final_c_pressure_all_aiida_2: -342862.335193632
final_c_pressure_all_aiida_3: -338474.67675968
final_c_pressure_all_aiida_4: 517.29772870774
final_c_pressure_all_aiida_5: 4380.59237598903
final_c_pressure_all_aiida_6: -2.30965922082092
System init for write_restart ...
Total wall time: 0:00:00
