LAMMPS (23 Jun 2022 - Update 1)
ERROR: Cannot open file data.rhodo: No such file or directory (src/read_data.cpp:331)
Last command: read_data       data.rhodo
